
> curator@0.1.0 build
> next build

Γû▓ Next.js 16.1.1 (Turbopack)
- Environments: .env
- Experiments (use with caution):
  ┬╖ serverActions

  Creating an optimized production build ...
Γ£ô Compiled successfully in 6.2s
  Running TypeScript ...
Failed to compile.

.next/dev/types/validator.ts:287:39
Type error: Cannot find module '../../../src/app/verify-2fa/page.js' or its corresponding type declarations.

  285 | {
  286 |   type __IsExpected<Specific extends AppPageConfig<"/verify-2fa">> = Specific
> 287 |   const handler = {} as typeof import("../../../src/app/verify-2fa/page.js")
      |                                       ^
  288 |   type __Check = __IsExpected<typeof handler>
  289 |   // @ts-ignore
  290 |   type __Unused = __Check
Next.js build worker exited with code: 1 and signal: null
