src/app/admin/data-browser/hooks/useDataFetching.ts(107,77): error TS2345: Argument of type '{ p_category_types: string[] | null; p_search: string | null; p_page: number; p_page_size: number; p_sort_field: string; p_sort_order: "desc" | "asc"; }' is not assignable to parameter of type 'undefined'.
src/app/admin/data-browser/hooks/useItemActions.ts(119,29): error TS2345: Argument of type 'Partial<GlobalItem>' is not assignable to parameter of type 'never'.
src/app/admin/data-browser/hooks/useItemActions.ts(129,22): error TS2769: No overload matches this call.
  Overload 1 of 2, '(values: never, options?: { count?: "exact" | "planned" | "estimated" | undefined; } | undefined): PostgrestFilterBuilder<{ PostgrestVersion: "12"; }, never, never, null, "global_items", never, "POST">', gave the following error.
    Argument of type '{ title?: string | undefined; description?: string | null | undefined; image_url?: string | null | undefined; backdrop_path?: string | null | undefined; category_type?: string | null | undefined; ... 70 more ...; track_number?: number | ... 1 more ... | undefined; }[]' is not assignable to parameter of type 'never'.
  Overload 2 of 2, '(values: never[], options?: { count?: "exact" | "planned" | "estimated" | undefined; defaultToNull?: boolean | undefined; } | undefined): PostgrestFilterBuilder<{ PostgrestVersion: "12"; }, never, never, null, "global_items", never, "POST">', gave the following error.
    Type '{ title?: string | undefined; description?: string | null | undefined; image_url?: string | null | undefined; backdrop_path?: string | null | undefined; category_type?: string | null | undefined; ... 70 more ...; track_number?: number | ... 1 more ... | undefined; }' is not assignable to type 'never'.
src/app/admin/data-browser/page.tsx(35,9): error TS2339: Property 'activeFilters' does not exist on type '{ filters: { selectedCategories: string[]; setSelectedCategories: Dispatch<SetStateAction<string[]>>; missingImage: boolean; setMissingImage: Dispatch<SetStateAction<boolean>>; ... 8 more ...; activeFilters: Record<...>; }; ... 5 more ...; searchParams: ReadonlyURLSearchParams; }'.
src/app/admin/data-browser/page.tsx(104,50): error TS2339: Property 'removeFilter' does not exist on type '{ selectedCategories: string[]; setSelectedCategories: Dispatch<SetStateAction<string[]>>; missingImage: boolean; setMissingImage: Dispatch<SetStateAction<boolean>>; ... 8 more ...; activeFilters: Record<...>; }'.
src/app/admin/data-browser/page.tsx(105,41): error TS2339: Property 'clearAllFilters' does not exist on type '{ selectedCategories: string[]; setSelectedCategories: Dispatch<SetStateAction<string[]>>; missingImage: boolean; setMissingImage: Dispatch<SetStateAction<boolean>>; ... 8 more ...; activeFilters: Record<...>; }'.
src/app/admin/data-browser/page.tsx(158,39): error TS2339: Property 'toggleId' does not exist on type '{ selectedIds: Set<string>; setSelectedIds: Dispatch<SetStateAction<Set<string>>>; handleItemClick: (id: string, items: GlobalItem[], event: MouseEvent<...>) => void; lastClickedRef: RefObject<...>; }'.
src/app/admin/data-browser/page.tsx(181,39): error TS2339: Property 'inputPage' does not exist on type '{ tileSize: number; setTileSize: Dispatch<SetStateAction<number>>; page: number; setPage: Dispatch<SetStateAction<number>>; ... 4 more ...; pageSize: number; }'.
src/app/admin/data-browser/page.tsx(182,42): error TS2339: Property 'setInputPage' does not exist on type '{ tileSize: number; setTileSize: Dispatch<SetStateAction<number>>; page: number; setPage: Dispatch<SetStateAction<number>>; ... 4 more ...; pageSize: number; }'.
src/app/admin/data-browser/page.tsx(185,58): error TS2339: Property 'inputPage' does not exist on type '{ tileSize: number; setTileSize: Dispatch<SetStateAction<number>>; page: number; setPage: Dispatch<SetStateAction<number>>; ... 4 more ...; pageSize: number; }'.
src/components/admin/AdminSystemConfig.tsx(242,17): error TS2353: Object literal may only specify known properties, and 'voyageModel' does not exist in type '{ llmProvider?: string | undefined; llmApiKey?: string | undefined; llmModel?: string | undefined; systemPrompt?: string | undefined; tmdbApiKey?: string | undefined; rawgApiKey?: string | undefined; ... 25 more ...; twitchClientSecret?: string | undefined; }'.
src/components/item-details/ItemDetailView.tsx(155,21): error TS2322: Type '{ item: GlobalItem | null; open: boolean; onOpenChange: (open: boolean) => false | void; }' is not assignable to type 'IntrinsicAttributes & ReportItemDialogProps'.
  Property 'item' does not exist on type 'IntrinsicAttributes & ReportItemDialogProps'.
src/components/item-details/layouts/MusicTrackLayout.tsx(13,43): error TS2307: Cannot find module '@/components/VibeMeter' or its corresponding type declarations.
src/components/item-details/layouts/StandardLayout.tsx(107,37): error TS2322: Type '{ children: string; className: string; components: { p: ({ children }: ClassAttributes<HTMLParagraphElement> & HTMLAttributes<HTMLParagraphElement> & ExtraProps) => Element; strong: ({ children }: ClassAttributes<...> & ... 1 more ... & ExtraProps) => Element; }; }' is not assignable to type 'IntrinsicAttributes & Readonly<Options>'.
  Property 'className' does not exist on type 'IntrinsicAttributes & Readonly<Options>'.
src/components/item-details/layouts/StandardLayout.tsx(135,48): error TS2322: Type '{ tracks: any; coverImage: string | null; }' is not assignable to type 'IntrinsicAttributes & TrackListProps'.
  Property 'tracks' does not exist on type 'IntrinsicAttributes & TrackListProps'.
src/components/item-details/layouts/StandardLayout.tsx(151,54): error TS2322: Type '((item: GlobalItem) => void) | undefined' is not assignable to type '((itemId: string) => void) | undefined'.
  Type '(item: GlobalItem) => void' is not assignable to type '(itemId: string) => void'.
    Types of parameters 'item' and 'itemId' are incompatible.
      Type 'string' is not assignable to type 'GlobalItem'.
src/components/item-details/shared/ItemDetailHeader.tsx(45,23): error TS2339: Property 'original_title' does not exist on type 'GlobalItem'.
src/components/item-details/shared/ItemDetailHeader.tsx(45,46): error TS2339: Property 'original_title' does not exist on type 'GlobalItem'.
src/components/item-details/shared/ItemDetailHeader.tsx(46,81): error TS2339: Property 'original_title' does not exist on type 'GlobalItem'.
